Абзац
Абрикос
Аккорд
Аллея
Алмаз
Апельсин
Аппетит
Артист
Багаж
Базар
Балкон
Барабан
Баран
Баранка
Бассейн
Батон
Берёза
Болото
Вагон
Ванна
Ванная
Вверх
Ветер
Веять
Винегрет
Вместе
Вокзал
Волшебный
Воробей
Ворона
Ворота
Газета
Галерея
Гаммы
Гладить
Горизонт
Город
Горох
Граждане
Гражданин
Грамм
Грамматика
Грипп
Группа
Десерт
Диван
Длина
Долина
Дорога
Дрожжи
Жёлтый
Женщина
Забота
Завтрак
Закон
Запад
Заяц
Иллюстрация
Иней
Искусство
Истина
Истинный
Кабинет
Какао
Календарь
Калитка
Кампания
Камыш
Капитан
Капуста
Карандаш
Карнавал
Карниз
Картина
Касса
Килограмм
Класс
Клеить
Колено
Коллектив
Коллекция
Командир
Комната
Компания
Компьютер
Конструктор
Конструкция
Концерт
Копейка
Копыто
Копытце
Корабль
Корзина
Коридор
Коричневый
Корова
Корреспондент
Костёр
Костюм
Кофе
Кровать
Кросс
Кроссворд
Кроссовки
Лаборатория
Ладонь
Лаять
Лелеять
Лепесток
Лестница
Лимон
Лопата
Малина
Мальчик
Мандарин
Масса
Матч
Машина
Маяться
Медведь
Медленно
Месяц
Металл
Металлический
Метро
Мечта
Миллиметр
Молоко
Мороз
Москва
Мужчина
Народ
Нарочно
Насекомые
Неделя
Несколько
Обаяние
Обед
Облако
Обратно
Овощи
Огород
Огромный
Огурец
Одежда
Однажды
Озорной
Оранжевый
Орех
Орфограмма
Осина
Отдых
Отечество
Оттуда
Отчаяние
Падеж
Палатка
Пальто
Памятник
Перрон
Песчаный
Петух
Печаль
Пианино
Платок
Помидор
Помощник
Порядок
Потом
Почерк
Правило
Праздник
Предмет
Престиж
Пример
Природа
Прогресс
Происшествие
Простор
Профессия
Процесс
Путешественник
Путешествие
Работа
Ранец
Рассказ
Ребята
Ремонт
Решение
Рисунок
Ромашки
Рояль
Рябина
Сапоги
Свитер
Свобода
Свободно
Север
Серебро
Серебряный
Синица
Сирень
Ситуация
Скоро
Славяне
Славянский
Смородина
Собака
Совесть
Соловей
Сорока
Сосед
Сочинение
Сочинять
Справедливость
Сразу
Ссора
Стакан
Стеречь
Столько
Стрекоза
Строить
Суббота
Сумма
Счастье
Счёт
Тарелка
Театр
Телеграмма
Терраса
Территория
Тетрадь
Товарищ
Томат
Тонна
Тоска
Тоскует
Традиция
Тревога
Троллейбус
Ужин
Улица
Ученик
Учитель
Фамилия
Фантазия
Фонарь
Характер
Хозяин
Хоккей
Цитата
Чаять
Человек
Чемодан
Черёмуха
Чёрный
Чувство
Шалаш
Шампунь
Шорох
Шоссе
Шофёр
Юноша
Яблоко
Ягода
Язык