тело
душа
воля
этика
жизнь
книга
роман
очерк
стена
крыша
окно
дверь
кухня
хлеб
крупа
мясо
вода
вино
трава
лист
дождь
море
океан
озеро
река
город
село
кино
радио
танец
игра
сила
масса
время
длина
тепло
алмаз
соль
птица
рыба
змея
слон
кошка
лев
сталь
снег
град
блок
клин
топор
меч
лук
порох
рычаг
почта
радио
поезд
лодка
мост
купол
число
грудь
кожа
глаз
рот
ухо
нос
мозг
палец
нога
стопа
почка
мать
отец
дочь
сын
внук
стол
стул
ложка
вилка
нож
абзац
аванс
аббат
автор
агент
аист
айва
акция
аллея
амбар
ангел
арфа
армия
аскет
атака
атлас
атлет
атом
афера
багаж
базар
балка
балет
банка
баран
барс
басня
батон
беда
бедро
белка
белок
бетон
бинт
бирка
благо
блеск
боец
бокал
боль
болт
борец
борт
брат
бред
бровь
брод
буква
булка
ваза
вагон
вата
вдова
ведро
веко
венок
вера
ветка
ветер
взвод
вино
винт
вираж
вкус
вода
война
волк
волос
вуаль
гайка
гимн
гиря
глава
голод
голос
гора
горох
грач
грех
гриб
гроза
грудь
грунт
дань
дар
дача
двор
дело
диван
диск
дитя
дичь
добро
доза
дозор
доска
друг
дуга
дыра
дятел
енот
ересь
жаба
жало
жанр
жезл
жених
жест
жизнь
жираф
жрец
жулик
забор
завод
закат
закон
замок
запад
заяц
звено
звук
зебра
земля
зерно
знамя
игра
игла
идея
идол
изба
изюм
икона
икра
индюк
искра
исток
итог
кабан
кадр
какао
казна
канат
карта
касса
катер
клад
клей
клуб
книга
ковер
кожа
колея
конец
конь
конус
копье
кора
кран
крест
крик
кров
крот
круг
крыса
крыша
кулак
кусок
ласка
лето
лидер
лимон
линза
лист
лицо
лодка
ложь
лоза
лось
лужа
луна
маляр
марка
маска
масло
мачта
меню
мера
месть
месяц
метка
метр
мнус
мираж
миф
мороз
мост
мрак
муха
мясо
налог
намек
напев
народ
насос
наука
нация
небо
нерв
ноль
нора
нота
ночь
нужда
обед
облик
образ
обряд
обувь
овал
овощ
овца
окно
олень
опус
орган
орда
орден
орел
орех
осел
особь
отдых
охота
очки
пакет
падеж
палка
парад
парк
парик
парта
парус
паста
пауза
паук
пачка
певец
пена
пепел
пень
перо
песок
петля
петух
печь
пешка
пиво
пилот
пират
пирог
питон
пламя
план
плеть
плита
плот
плоть
плюс
повар
подол
поезд
пожар
поза
позор
поиск
покой
поле
полка
полюс
порог
порт
пост
поток
поход
почва
поэт
пояс
прах
прием
приз
принц
проза
пруд
прут
пульс
пульт
пуля
пчела
радар
район
рама
рана
ранец
ранг
рать
рация
ребус
режим
риск
ритм
рифма
робот
роза
ромб
роса
рубль
руль
ручей
рыба
рысь
рюмка
сабля
сажа
салат
сало
салон
салют
самец
сахар
свет
семья
сеть
синяк
скала
скука
слава
слива
слово
слог
слух
смерч
смех
снег
сова
сокол
сорт
сосуд
союз
сталь
старт
стая
ствол
стена
стиль
страх
стыд
суета
сурок
схема
сюжет
табун
тайна
талия
танк
таран
тварь
театр
текст
тезис
тело
тема
темп
тень
тест
тесто
товар
толк
топор
торт
точка
транс
тропа
труд
трюк
труба
тыква
угол
удар
ужин
ужас
узор
укроп
улица
урок
успех
утро
утюг
факел
фарс
фарш
ферма
филин
финал
флаг
флирт
фобия
фокус
фронт
хлам
хлев
хлыст
холод
холст
цапля
цвет
цель
цена
цикл
цифра
часть
чаша
череп
черта
честь
число
чудо
шаман
шакал
шарф
шифр
шкала
шкаф
школа
шрифт
штаб
шторм
щука
экран
элита
эмаль
эпоха
этап
этаж
эфир
юнга
язык
якорь
ярус